<?xml version="1.0" encoding="utf-8"?><testsuites name="pytest tests"><testsuite name="pytest" errors="0" failures="0" skipped="0" tests="29" time="9.861" timestamp="2026-03-27T13:52:34.849459+01:00" hostname="PC-KOOREO-AMINE"><testcase classname="tests.integration.test_faker_products.TestProductsAvecFaker" name="test_validation_prix[0.01-False]" time="0.205" /><testcase classname="tests.integration.test_cart_order_api" name="test_transition_statut_commande" time="0.255" /><testcase classname="tests.integration.test_faker_products.TestProductsAvecFaker" name="test_validation_prix[0.0-True]" time="0.186" /><testcase classname="tests.integration.test_faker_products.TestProductsAvecFaker" name="test_noms_longs" time="0.212" /><testcase classname="tests.integration.test_faker_products.TestProductsAvecFaker" name="test_validation_prix[9999.99-False]" time="0.228" /><testcase classname="tests.integration.test_health.TestHealth" name="test_docs_swagger_accessible" time="0.193" /><testcase classname="tests.integration.test_cart_order_api" name="test_coupon_inexistant_retourne_404" time="0.267" /><testcase classname="tests.integration.test_health.TestHealth" name="test_root_accessible" time="0.200" /><testcase classname="tests.integration.test_cart_order_api" name="test_get_commande_par_id" time="0.301" /><testcase classname="tests.integration.test_health.TestHealth" name="test_openapi_json_accessible" time="0.242" /><testcase classname="tests.integration.test_e2e_flow" name="test_full_flow_e2e" time="0.280" /><testcase classname="tests.integration.test_faker_products.TestProductsAvecFaker" name="test_creation_donnees_faker" time="0.242" /><testcase classname="tests.integration.test_health.TestHealth" name="test_health_ok" time="0.212" /><testcase classname="tests.integration.test_faker_products.TestProductsAvecFaker" name="test_validation_prix[-1.0-True]" time="0.218" /><testcase classname="tests.integration.test_cart_order_api" name="test_cart_then_order_with_coupon" time="0.310" /><testcase classname="tests.integration.test_products_api.TestCreateUpdateDeleteProduct" name="test_creation_valide" time="0.079" /><testcase classname="tests.integration.test_products_api.TestCreateUpdateDeleteProduct" name="test_creation_nom_vide_422" time="0.039" /><testcase classname="tests.integration.test_products_api.TestCreateUpdateDeleteProduct" name="test_mise_a_jour_prix" time="0.052" /><testcase classname="tests.integration.test_faker_products.TestProductsAvecFaker" name="test_liste_avec_multiple_produits" time="0.260" /><testcase classname="tests.integration.test_products_api.TestCreateUpdateDeleteProduct" name="test_creation_prix_negatif_422" time="0.036" /><testcase classname="tests.integration.test_products_api.TestCreateUpdateDeleteProduct" name="test_suppression_soft_delete" time="0.082" /><testcase classname="tests.integration.test_products_api.TestCreateUpdateDeleteProduct" name="test_creation_stock_negatif_422" time="0.037" /><testcase classname="tests.integration.test_products_api.TestGetProduct" name="test_get_produit_existant" time="0.050" /><testcase classname="tests.integration.test_products_api.TestListProducts" name="test_pagination_limit" time="0.068" /><testcase classname="tests.integration.test_products_api.TestGetProduct" name="test_get_produit_inexistant_retourne_404" time="0.036" /><testcase classname="tests.integration.test_products_api.TestListProducts" name="test_produit_cree_apparait_dans_liste" time="0.048" /><testcase classname="tests.integration.test_products_api.TestListProducts" name="test_filtre_prix_min_max" time="0.060" /><testcase classname="tests.integration.test_products_api.TestListProducts" name="test_filtre_par_categorie" time="0.046" /><testcase classname="tests.integration.test_products_api.TestListProducts" name="test_liste_vide_au_demarrage" time="0.042" /></testsuite></testsuites>